
construction company Amsterdam -> Expecting value: line 1 column 1 (char 0)
construction company Utrecht -> Expecting value: line 1 column 1 (char 0)
solar installer Ghent -> Message: no such element: Unable to locate element: {"method":"xpath","selector":"//div[@role="feed"]"}
  (Session info: chrome=146.0.7680.81); For documentation on this error, please visit: https://www.selenium.dev/documentation/webdriver/troubleshooting/errors#nosuchelementexception
Stacktrace:
	chromedriver!GetHandleVerifier [0x7ff7a87529c5+2ed785]
	chromedriver!GetHandleVerifier [0x7ff7a847a0d0+14e90]
	chromedriver!(No symbol) [0x7ff7a81ddb2d]
	chromedriver!(No symbol) [0x7ff7a8236b9e]
	chromedriver!(No symbol) [0x7ff7a8236eac]
	chromedriver!(No symbol) [0x7ff7a8286fe7]
	chromedriver!(No symbol) [0x7ff7a8283b9b]
	chromedriver!(No symbol) [0x7ff7a8229298]
	chromedriver!(No symbol) [0x7ff7a822a183]
	chromedriver!GetHandleVerifier [0x7ff7a877de0d+318bcd]
	chromedriver!GetHandleVerifier [0x7ff7a8778588+313348]
	chromedriver!GetHandleVerifier [0x7ff7a8799d7a+334b3a]
	chromedriver!GetHandleVerifier [0x7ff7a8496785+31545]
	chromedriver!GetHandleVerifier [0x7ff7a849facc+3a88c]
	chromedriver!GetHandleVerifier [0x7ff7a8483634+1e3f4]
	chromedriver!GetHandleVerifier [0x7ff7a84837e6+1e5a6]
	chromedriver!GetHandleVerifier [0x7ff7a8467e37+2bf7]
	KERNEL32!BaseThreadInitThunk [0x7ffcc43f53e0+10]
	ntdll!RtlUserThreadStart [0x7ffcc54a485b+2b]

roofing contractor Antwerp -> Expecting value: line 1 column 1 (char 0)
solar installer Antwerp -> DESCRIPTION👹👹👹: Cannot save file into a non-existent directory: 'missing_phone_output'
solar installer Antwerp -> DESCRIPTION👹👹👹: Cannot save file into a non-existent directory: 'missing_phone_output''
